antlr.ztx
aQute.ztx
brave.ztx
ch.qos.ztx
com.arjuna.ztx
com.bea.ztx
com.certicom.ztx
com.ctc.ztx
com.fasterxml.ztx
com.germinus.ztx
com.google.ztx
com.ibm.ztx
com.jaspersoft.ztx
com.liferay.ztx
com.lowagie.ztx
com.mchange.ztx
com.octetstring.ztx
com.opensymphony.ztx
com.oracle.jrockit.ztx
com.querydsl.ztx
com.sun.ztx
com.thoughtworks.ztx
com.werken.ztx
com.yahoo.ztx
com.zaxxer.ztx
edu.emory.ztx
EDU.oswego.ztx
electric.util.ztx
flexjson.ztx
flex.messaging.ztx
freemarker.ztx
gnu.trove.ztx
groovyjarjarantlr.ztx
groovyjarjarasm.ztx
groovy.ztx
io.jsonwebtoken.ztx
io.lettuce.ztx
io.micrometer.ztx
io.netty.ztx
javassist.ztx
javax.ztx
jdk.internal.ztx
jodd.ztx
jrockit.ztx
jxl.ztx
net.arnx.ztx
net.bull.javamelody.ztx
net.htmlparser.ztx
net.java.ao.ztx
net.sf.ehcache.ztx
net.sf.ztx
oracle.jrockit.ztx
oracle.net.ztx
org.ajax4jsf.ztx
org.alfresco.ztx
org.antlr.ztx
org.apache.commons.ztx
org.apache.felix.ztx
org.apache.lucene.ztx
org.apache.pdfbox.ztx
org.apache.xerces.ztx
org.apache.ztx
org.aspectj.ztx
org.bouncycastle.ztx
org.codehaus.ztx
org.dom4j.ztx
org.eclipse.gemini.ztx
org.eclipse.jdt.ztx
org.eclipse.jetty.ztx
org.eclipse.osgi.ztx
org.exoplatform.ztx
org.fressian.ztx
org.gatein.ztx
org.hibernate.ztx
org.hsqldb.ztx
org.htmlparser.ztx
org.infinispan.ztx
org.jabsorb.ztx
org.jaxen.ztx
org.jboss.ztx
org.jdom.ztx
org.jfree.ztx
org.jibx.ztx
org.jnp.ztx
org.joda.ztx
org.jrobin.ztx
org.json.ztx
org.LatencyUtils.ztx
org.mapdb.ztx
org.mozilla.classfile.ztx
org.mozilla.javascript.ztx
org.mybatis.ztx
org.objectweb.asm.ztx
org.ofbiz.ztx
org.openxmlformats.ztx
org.osgi.ztx
org.owasp.ztx
org.picocontainer.ztx
org.quartz.ztx
org.reflext.ztx
org.richfaces.ztx
org.saxpath.ztx
org.slf4j.ztx
org.springframework.ztx
org.teiid.ztx
org.terracotta.ztx
org.wildfly.common.ztx
org.xmlpull.ztx
org.xml.sax.ztx
org.xnio.ztx
reactor.core.ztx
scala.ztx
serp.ztx
sun.ztx
weblogic.ztx
webwork.config.ztx
